// Jest Snapshot v1, https://goo.gl/fbAQLP

exports[`All important components should load in main page after login 1`] = `null`;
